// Jest Snapshot v1, https://goo.gl/fbAQLP

exports[`should create a chord interval map 1`] = `
Object {
  "maj9": Array [
    "M7",
    "M9",
    "M3",
    "P5",
  ],
  "min9": Array [
    "m3",
    "P5",
    "m7",
    "M9",
  ],
}
`;

exports[`should create a maj9ww chord 1`] = `
Object {
  "C": "B3,D4,E3,G3",
}
`;
