// Jest Snapshot v1, https://goo.gl/fbAQLP

exports[`should create a chord interval map 1`] = `
Object {
  "maj7Closed": Array [
    "M7",
    "M9",
    "M3",
    "P5",
  ],
  "maj7Open": Array [
    "M3",
    "P5",
    "M7",
    "M9",
  ],
}
`;

exports[`should create a maj7Open chord 1`] = `
Object {
  "C": "E3,G3,B3,D4",
}
`;
